// Jest Snapshot v1, https://goo.gl/fbAQLP

exports[`Production loader loadPage should be successful when component can be loaded 1`] = `
Object {
  "component": "instance",
  "head": "instance",
  "json": Object {
    "pageContext": "something something",
  },
  "page": Object {
    "componentChunkName": "chunk",
    "getServerDataError": undefined,
    "matchPath": undefined,
    "path": "/mypage/",
    "slicesMap": Object {},
    "staticQueryHashes": Array [],
    "webpackCompilationHash": "123",
  },
  "staticQueryResults": Object {},
}
`;
